


ARM Macro Assembler    Page 1 


    1 00000000                 thumb
    2 00000000                 area             moncode2, code, readwrite
    3 00000000                 import           TabSig
    4 00000000                 export           dft
    5 00000000         
    6 00000000         dft     proc
    7 00000000 F04F 0002       mov              r0,#2
    8 00000004 4770            bx               lr
    9 00000006                 endp
   10 00000006         
   11 00000006         
   12 00000006                 end
Command Line: --debug --xref --diag_suppress=9931 --cpu=Cortex-M3 --apcs=interw
ork --depend=.\obj\calcul_dft.d -o.\obj\calcul_dft.o -I.\RTE\_Simu -IC:\Users\t
itip\AppData\Local\Arm\Packs\ARM\CMSIS\5.6.0\CMSIS\Core\Include -IC:\Users\titi
p\AppData\Local\Arm\Packs\Keil\STM32F1xx_DFP\2.3.0\Device\Include --predefine="
__EVAL SETA 1" --predefine="__MICROLIB SETA 1" --predefine="__UVISION_VERSION S
ETA 529" --predefine="_RTE_ SETA 1" --predefine="STM32F10X_MD SETA 1" --list=ca
lcul_dft.lst calcul_dft.s



ARM Macro Assembler    Page 1 Alphabetic symbol ordering
Relocatable symbols

dft 00000000

Symbol: dft
   Definitions
      At line 6 in file calcul_dft.s
   Uses
      At line 4 in file calcul_dft.s
Comment: dft used once
moncode2 00000000

Symbol: moncode2
   Definitions
      At line 2 in file calcul_dft.s
   Uses
      None
Comment: moncode2 unused
2 symbols



ARM Macro Assembler    Page 1 Alphabetic symbol ordering
External symbols

TabSig 00000000

Symbol: TabSig
   Definitions
      At line 3 in file calcul_dft.s
   Uses
      None
Comment: TabSig unused
1 symbol
338 symbols in table
