


ARM Macro Assembler    Page 1 


    1 00000000         
    2 00000000                 thumb
    3 00000000                 area             calc_trigo, code, readwrite
    4 00000000                 export           test_trigo
    5 00000000                 import           TabCos
    6 00000000                 import           TabSin
    7 00000000         
    8 00000000         test_trigo
                               proc
    9 00000000 B402            push             {r1}
   10 00000002 4B0B            ldr              r3, =TabCos
   11 00000004 F04F 0102       mov              r1, #2
   12 00000008 FB00 F001       mul              r0, r1
   13 0000000C 5A1A            ldrh             r2, [r3,r0] ; recup du cos
   14 0000000E FB02 F202       mul              r2,r2       ; cos^2 
   15 00000012 B404            push             {r2}        ; on save le cos^2 
                                                            
   16 00000014 4B07            ldr              r3, =TabSin ; 
   17 00000016 F04F 0102       mov              r1, #2
   18 0000001A FB00 F001       mul              r0, r1
   19 0000001E 5A1A            ldrh             r2, [r3,r0] ; on recup le sin
   20 00000020 FB02 F202       mul              r2,r2       ; sin^2 
   21 00000024 BC01            pop              {r0}
   22 00000026 4410            add              r0,r2       ; sin^2 + cos^2
   23 00000028 BC02            pop              {r1}
   24 0000002A 6008            str              r0, [r1]
   25 0000002C 4770            bx               lr
   26 0000002E                 endp
   27 0000002E         
   28 0000002E                 end
              00 00 00000000 
              00000000 
Command Line: --debug --xref --diag_suppress=9931 --cpu=Cortex-M3 --apcs=interw
ork --depend=.\obj\calcul_trigo.d -o.\obj\calcul_trigo.o -I.\RTE\_Simu -IC:\Use
rs\titip\AppData\Local\Arm\Packs\ARM\CMSIS\5.6.0\CMSIS\Core\Include -IC:\Users\
titip\AppData\Local\Arm\Packs\Keil\STM32F1xx_DFP\2.3.0\Device\Include --predefi
ne="__EVAL SETA 1" --predefine="__MICROLIB SETA 1" --predefine="__UVISION_VERSI
ON SETA 529" --predefine="_RTE_ SETA 1" --predefine="STM32F10X_MD SETA 1" --lis
t=calcul_trigo.lst calcul_trigo.s



ARM Macro Assembler    Page 1 Alphabetic symbol ordering
Relocatable symbols

calc_trigo 00000000

Symbol: calc_trigo
   Definitions
      At line 3 in file calcul_trigo.s
   Uses
      None
Comment: calc_trigo unused
test_trigo 00000000

Symbol: test_trigo
   Definitions
      At line 8 in file calcul_trigo.s
   Uses
      At line 4 in file calcul_trigo.s
Comment: test_trigo used once
2 symbols



ARM Macro Assembler    Page 1 Alphabetic symbol ordering
External symbols

TabCos 00000000

Symbol: TabCos
   Definitions
      At line 5 in file calcul_trigo.s
   Uses
      At line 10 in file calcul_trigo.s
Comment: TabCos used once
TabSin 00000000

Symbol: TabSin
   Definitions
      At line 6 in file calcul_trigo.s
   Uses
      At line 16 in file calcul_trigo.s
Comment: TabSin used once
2 symbols
341 symbols in table
