


ARM Macro Assembler    Page 1 


    1 00000000         ; ce programme est pour l'assembleur RealView (Keil)
    2 00000000                 thumb
    3 00000000                 area             moncode, code, readonly
    4 00000000                 export           callback
    5 00000000                 export           init
    6 00000000         ;0x20000000 ; la mémoire est dispo
    7 00000000         
    8 00000000         init    proc
    9 00000000 4602            mov              r2, r0
   10 00000002 F04F 5000       mov              r0, #0x20000000
   11 00000006 6002            str              r2, [r0]
   12 00000008 4770            bx               lr
   13 0000000A                 endp
   14 0000000A         
   15 0000000A         
   16 0000000A         callback
                               proc
   17 0000000A         
   18 0000000A 40010C10 
                       GPIOB_BSRR
                               equ              0x40010C10  ; Bit Set/Reset reg
                                                            ister
   19 0000000A F04F 5100       mov              r1, #0x20000000
   20 0000000E 6809            ldr              r1, [r1]
   21 00000010 4B07            ldr              r3, =GPIOB_BSRR
   22 00000012 F5B1 3F00       cmp              r1, #0x00020000
   23 00000016 D005            beq              m1
   24 00000018 D107            bne              m0
   25 0000001A         main
   26 0000001A 6019            str              r1, [r3]
   27 0000001C F04F 5000       mov              r0, #0x20000000
   28 00000020 6001            str              r1, [r0]
   29 00000022 4770            bx               lr
   30 00000024                 endp
   31 00000024         
   32 00000024         m1
   33 00000024 F04F 0102       mov              r1, #0x00000002 ; passe a 1
   34 00000028 E7F7            b                main
   35 0000002A         m0
   36 0000002A F44F 3100       mov              r1, #0x00020000 ; passe a 0
   37 0000002E E7F4            b                main
   38 00000030         
   39 00000030         
   40 00000030         
   41 00000030                 end
              40010C10 
Command Line: --debug --xref --diag_suppress=9931 --cpu=Cortex-M3 --apcs=interw
ork --depend=.\obj\signal.d -o.\obj\signal.o -I.\RTE\_Simu -IC:\Users\titip\App
Data\Local\Arm\Packs\ARM\CMSIS\5.6.0\CMSIS\Core\Include -IC:\Users\titip\AppDat
a\Local\Arm\Packs\Keil\STM32F1xx_DFP\2.3.0\Device\Include --predefine="__EVAL S
ETA 1" --predefine="__MICROLIB SETA 1" --predefine="__UVISION_VERSION SETA 529"
 --predefine="_RTE_ SETA 1" --predefine="STM32F10X_MD SETA 1" --list=signal.lst
 signal.s



ARM Macro Assembler    Page 1 Alphabetic symbol ordering
Relocatable symbols

callback 0000000A

Symbol: callback
   Definitions
      At line 16 in file signal.s
   Uses
      At line 4 in file signal.s
Comment: callback used once
init 00000000

Symbol: init
   Definitions
      At line 8 in file signal.s
   Uses
      At line 5 in file signal.s
Comment: init used once
m0 0000002A

Symbol: m0
   Definitions
      At line 35 in file signal.s
   Uses
      At line 24 in file signal.s
Comment: m0 used once
m1 00000024

Symbol: m1
   Definitions
      At line 32 in file signal.s
   Uses
      At line 23 in file signal.s
Comment: m1 used once
main 0000001A

Symbol: main
   Definitions
      At line 25 in file signal.s
   Uses
      At line 34 in file signal.s
      At line 37 in file signal.s

moncode 00000000

Symbol: moncode
   Definitions
      At line 3 in file signal.s
   Uses
      None
Comment: moncode unused
6 symbols



ARM Macro Assembler    Page 1 Alphabetic symbol ordering
Absolute symbols

GPIOB_BSRR 40010C10

Symbol: GPIOB_BSRR
   Definitions
      At line 18 in file signal.s
   Uses
      At line 21 in file signal.s
Comment: GPIOB_BSRR used once
1 symbol
344 symbols in table
